Admin@DSHOP MINGW64 /d/codegym/C0920G1_Le_Hoang_Minh_Tuan/Module1/4. Git & html/2. Bài t?p/Gitproject (master)
$ git clone https://github.com/minhtuan94/Gitproject.git
Cloning into 'Gitproject'...
warning: You appear to have cloned an empty repository.

Admin@DSHOP MINGW64 /d/codegym/C0920G1_Le_Hoang_Minh_Tuan/Module1/4. Git & html/2. Bài t?p/Gitproject (master)
$ git init
Initialized empty Git repository in D:/codegym/C0920G1_Le_Hoang_Minh_Tuan/Module1/4. Git & html/2. BÃ i táº­p/Gitproject/.git/

Admin@DSHOP MINGW64 /d/codegym/C0920G1_Le_Hoang_Minh_Tuan/Module1/4. Git & html/2. Bài t?p/Gitproject (master)
$ git add README.md
fatal: pathspec 'README.md' did not match any files

Admin@DSHOP MINGW64 /d/codegym/C0920G1_Le_Hoang_Minh_Tuan/Module1/4. Git & html/2. Bài t?p/Gitproject (master)
$ git add README.md
warning: LF will be replaced by CRLF in README.md.
The file will have its original line endings in your working directory

Admin@DSHOP MINGW64 /d/codegym/C0920G1_Le_Hoang_Minh_Tuan/Module1/4. Git & html/2. Bài t?p/Gitproject (master)
$ git commit -m "first commit"
[master (root-commit) 180443f] first commit
 1 file changed, 1 insertion(+)
 create mode 100644 README.md

Admin@DSHOP MINGW64 /d/codegym/C0920G1_Le_Hoang_Minh_Tuan/Module1/4. Git & html/2. Bài t?p/Gitproject (master)
$ git branch -M master

Admin@DSHOP MINGW64 /d/codegym/C0920G1_Le_Hoang_Minh_Tuan/Module1/4. Git & html/2. Bài t?p/Gitproject (master)
$ git remote add origin https://github.com/minhtuan94/Gitproject.git

Admin@DSHOP MINGW64 /d/codegym/C0920G1_Le_Hoang_Minh_Tuan/Module1/4. Git & html/2. Bài t?p/Gitproject (master)
$ git push -u origin master
Enumerating objects: 3, done.
Counting objects: 100% (3/3), done.
Writing objects: 100% (3/3), 241 bytes | 241.00 KiB/s, done.
Total 3 (delta 0), reused 0 (delta 0), pack-reused 0
To https://github.com/minhtuan94/Gitproject.git
 * [new branch]      master -> master
Branch 'master' set up to track remote branch 'master' from 'origin'.

Admin@DSHOP MINGW64 /d/codegym/C0920G1_Le_Hoang_Minh_Tuan/Module1/4. Git & html/2. Bài t?p/Gitproject (master)
$ git add.
git: 'add.' is not a git command. See 'git --help'.

The most similar command is
        add

Admin@DSHOP MINGW64 /d/codegym/C0920G1_Le_Hoang_Minh_Tuan/Module1/4. Git & html/2. Bài t?p/Gitproject (master)
$ git add .
error: 'Gitproject/' does not have a commit checked out
fatal: adding files failed

Admin@DSHOP MINGW64 /d/codegym/C0920G1_Le_Hoang_Minh_Tuan/Module1/4. Git & html/2. Bài t?p/Gitproject (master)
$ git status
On branch master
Your branch is up to date with 'origin/master'.

Changes to be committed:
  (use "git restore --staged <file>..." to unstage)
        new file:   source/index.html
        new file:   source/news.html

Changes not staged for commit:
  (use "git add <file>..." to update what will be committed)
  (use "git restore <file>..." to discard changes in working directory)
        modified:   source/index.html
        modified:   source/news.html

Untracked files:
  (use "git add <file>..." to include in what will be committed)
        Gitproject/
        source/.idea/


Admin@DSHOP MINGW64 /d/codegym/C0920G1_Le_Hoang_Minh_Tuan/Module1/4. Git & html/2. Bài t?p/Gitproject (master)
$ git commit -m "up 2 file HTML"
[master 59bec34] up 2 file HTML
 2 files changed, 20 insertions(+)
 create mode 100644 source/index.html
 create mode 100644 source/news.html

Admin@DSHOP MINGW64 /d/codegym/C0920G1_Le_Hoang_Minh_Tuan/Module1/4. Git & html/2. Bài t?p/Gitproject (master)
$ git push origin master
Enumerating objects: 5, done.
Counting objects: 100% (5/5), done.
Delta compression using up to 4 threads
Compressing objects: 100% (4/4), done.
Writing objects: 100% (4/4), 441 bytes | 220.00 KiB/s, done.
Total 4 (delta 0), reused 0 (delta 0), pack-reused 0
To https://github.com/minhtuan94/Gitproject.git
   180443f..59bec34  master -> master

Admin@DSHOP MINGW64 /d/codegym/C0920G1_Le_Hoang_Minh_Tuan/Module1/4. Git & html/2. Bài t?p/Gitproject (master)


https://github.com/minhtuan94/Gitproject